[2025-05-30T19:37:39.164601+00:00] FEEDBACK ERROR: Error logging feedback: 'action_type'
Traceback (most recent call last):
  File "/Users/antonia/Documents/PromptDoctor_Streamlit/.venv/lib/python3.10/site-packages/pandas/core/indexes/base.py", line 3805, in get_loc
    return self._engine.get_loc(casted_key)
  File "index.pyx", line 167, in pandas._libs.index.IndexEngine.get_loc
  File "index.pyx", line 196, in pandas._libs.index.IndexEngine.get_loc
  File "pandas/_libs/hashtable_class_helper.pxi", line 7081, in pandas._libs.hashtable.PyObjectHashTable.get_item
  File "pandas/_libs/hashtable_class_helper.pxi", line 7089, in pandas._libs.hashtable.PyObjectHashTable.get_item
KeyError: 'action_type'

The above exception was the direct cause of the following exception:

Traceback (most recent call last):
  File "/Users/antonia/Documents/PromptDoctor_Streamlit/tracking/logging.py", line 287, in log_feedback
    storage.log_interaction(interaction_data)
  File "/Users/antonia/Documents/PromptDoctor_Streamlit/utils/data_storage.py", line 395, in log_interaction
    (df['action_type'] == 'FEEDBACK')
  File "/Users/antonia/Documents/PromptDoctor_Streamlit/.venv/lib/python3.10/site-packages/pandas/core/frame.py", line 4102, in __getitem__
    indexer = self.columns.get_loc(key)
  File "/Users/antonia/Documents/PromptDoctor_Streamlit/.venv/lib/python3.10/site-packages/pandas/core/indexes/base.py", line 3812, in get_loc
    raise KeyError(key) from err
KeyError: 'action_type'

DATA: user_id=44a62729-693a-449b-95c7-3fb06bbea8a8, task_id=1, message_id=44a62729_task1_prompt0_response, value=1
RESPONSE_MESSAGE_ID: 44a62729_task1_prompt0_response
PROMPT: prompt11...
RESPONSE: It seems like you haven't provided a specific medical question or task for me to assist with. I'm he...

[2025-05-30T19:38:05.503088+00:00] FEEDBACK ERROR: Error logging feedback: 'action_type'
Traceback (most recent call last):
  File "/Users/antonia/Documents/PromptDoctor_Streamlit/.venv/lib/python3.10/site-packages/pandas/core/indexes/base.py", line 3805, in get_loc
    return self._engine.get_loc(casted_key)
  File "index.pyx", line 167, in pandas._libs.index.IndexEngine.get_loc
  File "index.pyx", line 196, in pandas._libs.index.IndexEngine.get_loc
  File "pandas/_libs/hashtable_class_helper.pxi", line 7081, in pandas._libs.hashtable.PyObjectHashTable.get_item
  File "pandas/_libs/hashtable_class_helper.pxi", line 7089, in pandas._libs.hashtable.PyObjectHashTable.get_item
KeyError: 'action_type'

The above exception was the direct cause of the following exception:

Traceback (most recent call last):
  File "/Users/antonia/Documents/PromptDoctor_Streamlit/tracking/logging.py", line 287, in log_feedback
    storage.log_interaction(interaction_data)
  File "/Users/antonia/Documents/PromptDoctor_Streamlit/utils/data_storage.py", line 395, in log_interaction
    (df['action_type'] == 'FEEDBACK')
  File "/Users/antonia/Documents/PromptDoctor_Streamlit/.venv/lib/python3.10/site-packages/pandas/core/frame.py", line 4102, in __getitem__
    indexer = self.columns.get_loc(key)
  File "/Users/antonia/Documents/PromptDoctor_Streamlit/.venv/lib/python3.10/site-packages/pandas/core/indexes/base.py", line 3812, in get_loc
    raise KeyError(key) from err
KeyError: 'action_type'

DATA: user_id=44a62729-693a-449b-95c7-3fb06bbea8a8, task_id=1, message_id=44a62729_task1_prompt1_response, value=0
RESPONSE_MESSAGE_ID: 44a62729_task1_prompt1_response
PROMPT: prompt1.2...
RESPONSE: It appears that you haven't provided a specific medical question or task for me to assist with. I'm ...

[2025-05-30T19:38:06.919842+00:00] FEEDBACK ERROR: Error logging feedback: 'action_type'
Traceback (most recent call last):
  File "/Users/antonia/Documents/PromptDoctor_Streamlit/.venv/lib/python3.10/site-packages/pandas/core/indexes/base.py", line 3805, in get_loc
    return self._engine.get_loc(casted_key)
  File "index.pyx", line 167, in pandas._libs.index.IndexEngine.get_loc
  File "index.pyx", line 196, in pandas._libs.index.IndexEngine.get_loc
  File "pandas/_libs/hashtable_class_helper.pxi", line 7081, in pandas._libs.hashtable.PyObjectHashTable.get_item
  File "pandas/_libs/hashtable_class_helper.pxi", line 7089, in pandas._libs.hashtable.PyObjectHashTable.get_item
KeyError: 'action_type'

The above exception was the direct cause of the following exception:

Traceback (most recent call last):
  File "/Users/antonia/Documents/PromptDoctor_Streamlit/tracking/logging.py", line 287, in log_feedback
    storage.log_interaction(interaction_data)
  File "/Users/antonia/Documents/PromptDoctor_Streamlit/utils/data_storage.py", line 395, in log_interaction
    (df['action_type'] == 'FEEDBACK')
  File "/Users/antonia/Documents/PromptDoctor_Streamlit/.venv/lib/python3.10/site-packages/pandas/core/frame.py", line 4102, in __getitem__
    indexer = self.columns.get_loc(key)
  File "/Users/antonia/Documents/PromptDoctor_Streamlit/.venv/lib/python3.10/site-packages/pandas/core/indexes/base.py", line 3812, in get_loc
    raise KeyError(key) from err
KeyError: 'action_type'

DATA: user_id=44a62729-693a-449b-95c7-3fb06bbea8a8, task_id=1, message_id=44a62729_task1_prompt2_response, value=1
RESPONSE_MESSAGE_ID: 44a62729_task1_prompt2_response
PROMPT: prompt1.3...
RESPONSE: It seems that you still haven't provided a specific medical question or task for me to assist with. ...

[2025-05-30T20:01:53.867463+00:00] FEEDBACK ERROR: Error logging feedback: 'action_type'
Traceback (most recent call last):
  File "/Users/antonia/Documents/PromptDoctor_Streamlit/.venv/lib/python3.10/site-packages/pandas/core/indexes/base.py", line 3805, in get_loc
    return self._engine.get_loc(casted_key)
  File "index.pyx", line 167, in pandas._libs.index.IndexEngine.get_loc
  File "index.pyx", line 196, in pandas._libs.index.IndexEngine.get_loc
  File "pandas/_libs/hashtable_class_helper.pxi", line 7081, in pandas._libs.hashtable.PyObjectHashTable.get_item
  File "pandas/_libs/hashtable_class_helper.pxi", line 7089, in pandas._libs.hashtable.PyObjectHashTable.get_item
KeyError: 'action_type'

The above exception was the direct cause of the following exception:

Traceback (most recent call last):
  File "/Users/antonia/Documents/PromptDoctor_Streamlit/tracking/logging.py", line 287, in log_feedback
    storage.log_interaction(interaction_data)
  File "/Users/antonia/Documents/PromptDoctor_Streamlit/utils/data_storage.py", line 395, in log_interaction
    (df['action_type'] == 'FEEDBACK')
  File "/Users/antonia/Documents/PromptDoctor_Streamlit/.venv/lib/python3.10/site-packages/pandas/core/frame.py", line 4102, in __getitem__
    indexer = self.columns.get_loc(key)
  File "/Users/antonia/Documents/PromptDoctor_Streamlit/.venv/lib/python3.10/site-packages/pandas/core/indexes/base.py", line 3812, in get_loc
    raise KeyError(key) from err
KeyError: 'action_type'

DATA: user_id=37d2e7ca-0332-4565-880f-b695174c5fba, task_id=1, message_id=37d2e7ca_task1_prompt0_response, value=1
RESPONSE_MESSAGE_ID: 37d2e7ca_task1_prompt0_response
PROMPT: hi...
RESPONSE: Hello. I'm PromptDoctor, a clinical AI assistant. How can I assist you today? Do you have a medical ...

