2025-04-19 12:20:29,721 ; INFO ; 
=== Interaction at 2025-04-19T12:20:29.721800 ===
Type: LOGIN
Model: HuggingFace/DistilGPT2 (Test)
==================================================
2025-04-19 12:20:35,529 ; INFO ; 
=== Validation Action at 2025-04-19T12:20:35.529351 ===
Action: VALIDATION_VIEW
Original Prompt: I have a headache
Medical Terms: headache
Term Count: 1
==================================================
2025-04-19 12:20:37,638 ; INFO ; 
=== Validation Action at 2025-04-19T12:20:37.638852 ===
Action: VALIDATION_VIEW
Original Prompt: I have a headache
Medical Terms: headache
Term Count: 1
==================================================
2025-04-19 12:20:37,640 ; INFO ; 
=== Validation Action at 2025-04-19T12:20:37.640807 ===
Action: SHAP_EXPLAIN_CLICK
Original Prompt: I have a headache
==================================================
2025-04-19 12:20:40,416 ; INFO ; 
=== Interaction at 2025-04-19T12:20:40.416672 ===
Type: CHAT_WITH_EXPLANATION_QUEUED
User Prompt: I have a headache
Model: HuggingFace
Model Output: Error with HuggingFace model: Asking to pad but the tokenizer does not have a padding token. Please select a token to use as `pad_token` `(tokenizer.pad_token = tokenizer.eos_token e.g.)` or add a new pad token via `tokenizer.add_special_tokens({'pad_token': '[PAD]'})`.
Typing Duration: 18.54 seconds
Generation Duration: 1.27 seconds
Queue_Time Duration: 2.78 seconds
==================================================
