2025-04-20 13:19:04,373 ; INFO ; 
=== Interaction at 2025-04-20T13:19:04.373959 ===
Type: LOGIN
Model: HuggingFace/VMware/bert-tiny-mrqa
==================================================
2025-04-20 13:19:08,255 ; INFO ; 
=== Validation Action at 2025-04-20T13:19:08.255683 ===
Action: VALIDATION_VIEW
Original Prompt: hi
==================================================
2025-04-20 13:19:09,811 ; INFO ; 
=== Validation Action at 2025-04-20T13:19:09.811897 ===
Action: VALIDATION_VIEW
Original Prompt: hi
==================================================
2025-04-20 13:19:09,813 ; INFO ; 
=== Validation Action at 2025-04-20T13:19:09.813195 ===
Action: ACCEPT_CLICK
Original Prompt: hi
==================================================
2025-04-20 13:19:14,764 ; INFO ; 
=== Interaction at 2025-04-20T13:19:14.764539 ===
Type: CHAT
User Prompt: hi
Model: HuggingFace
Model Output: Error with HuggingFace model: index out of range in self
Typing Duration: 14.26 seconds
Generation Duration: 4.95 seconds
==================================================
