2025-04-17 17:21:11,295 ; INFO ; 
=== Interaction at 2025-04-17T17:21:11.295267 ===
Type: LOGIN
Model: HuggingFace/OPT-125M (Test)
==================================================
2025-04-17 17:21:15,429 ; INFO ; 
=== Validation Action at 2025-04-17T17:21:15.429525 ===
Action: VALIDATION_VIEW
Original Prompt: hi
==================================================
2025-04-17 17:21:16,615 ; INFO ; 
=== Validation Action at 2025-04-17T17:21:16.615384 ===
Action: VALIDATION_VIEW
Original Prompt: hi
==================================================
2025-04-17 17:21:16,617 ; INFO ; 
=== Validation Action at 2025-04-17T17:21:16.617587 ===
Action: ACCEPT_CLICK
Original Prompt: hi
==================================================
2025-04-17 17:21:31,397 ; INFO ; 
=== Interaction at 2025-04-17T17:21:31.397103 ===
Type: CHAT
User Prompt: hi
Model: HuggingFace
Model Output: please type in your name

This is a free application for the iOS and Android, it allows you to create and manage your own health history, create reminders, and edit your own health reports.

It is an application which allows you to create and manage your own health history, create reminders, and edit your own health reports.

It is an application which allows you to create and manage your own health history, create reminders, and edit your own health reports.

- A great way to track your health status, including your age, gender, and other medical characteristics.

- A powerful tool to help you identify and prevent unnecessary unnecessary hospitalizations.

- A tool for identifying and preventing unnecessary hospitalizations.

- A tool to track your health status, including your age, gender, and other medical characteristics.

- A tool for identifying and preventing unnecessary hospitalizations.

- A tool for identifying and preventing unnecessary hospitalizations.

- A tool to track your health status, including your age, gender, and other medical characteristics.

- A tool to track your health status, including your age, gender, and other medical characteristics.

- A tool to track your health status, including your age, gender, and other medical characteristics.

- A tool to track your health status, including your age, gender, and other medical characteristics.

- A tool to track your health status, including your age, gender, and other medical characteristics.

- A tool to track your health status, including your age, gender, and other medical characteristics.

- A tool to track your health status, including your age, gender, and other medical characteristics.

- A tool to track your health status, including your age, gender, and other medical characteristics.

- A tool to track your health status, including your age, gender, and other medical characteristics.

- A tool to track your health status, including your age, gender, and other medical characteristics.

- A tool to track your health status, including your age, gender, and other medical characteristics.

- A tool to track your health status, including your age, gender, and other medical characteristics.

- A tool to track your health status, including your age, gender, and other medical characteristics.

- A tool to track your health status, including your age, gender, and other medical characteristics.

- A tool to track your health status, including your age, gender, and other medical characteristics.

- A tool to track your health status, including your age, gender, and other medical characteristics.

- A tool to track your health status, including your age, gender, and other medical characteristics.

- A tool to track your health status, including your age, gender, and other medical characteristics.

- A tool to track your health status, including your age, gender, and other medical characteristics.

- A tool to track your health status, including your age, gender, and other medical characteristics.

- A tool to track your health status, including your age, gender, and other medical characteristics.

- A tool to track your health status, including your age, gender, and other medical characteristics.

- A tool to track your health status, including your age, gender, and other medical characteristics.

- A tool to track your health status, including your age, gender, and other medical characteristics.

- A tool to track your health status, including your age, gender, and other medical characteristics.

- A tool to track your health status, including your age, gender, and other medical characteristics.

- A tool to track your health status, including your age, gender, and other medical characteristics.

- A tool to track your health status, including your age, gender, and other medical characteristics.

- A tool to track your health status, including your age, gender, and other medical characteristics.

- A tool to track your health status, including your age, gender, and other medical characteristics.

- A tool to track your health status, including your age, gender, and other medical characteristics.

- A tool to track your health status, including your age, gender, and other medical characteristics.

- A tool to track your health status, including your age, gender, and other medical characteristics.

- A tool to track your health status, including your age, gender, and other medical characteristics.

- A tool to track your health status, including your age, gender, and other medical characteristics.

- This application is part of a program
Typing Duration: 14.54 seconds
Generation Duration: 14.78 seconds
==================================================
