2025-04-17 12:20:56,913 ; INFO ; 
=== Interaction at 2025-04-17T12:20:56.913858 ===
Type: LOGIN
Model: HuggingFace/OPT-125M (Test)
==================================================
2025-04-17 12:21:05,245 ; INFO ; 
=== Validation Action at 2025-04-17T12:21:05.245564 ===
Action: VALIDATION_VIEW
Original Prompt: hi
==================================================
2025-04-17 12:21:06,697 ; INFO ; 
=== Validation Action at 2025-04-17T12:21:06.697496 ===
Action: VALIDATION_VIEW
Original Prompt: hi
==================================================
2025-04-17 12:21:06,699 ; INFO ; 
=== Validation Action at 2025-04-17T12:21:06.699386 ===
Action: ACCEPT_CLICK
Original Prompt: hi
==================================================
2025-04-17 12:21:31,041 ; INFO ; 
=== Interaction at 2025-04-17T12:21:31.040992 ===
Type: CHAT
User Prompt: hi
Model: HuggingFace
Model Output: Hi

job: clinical

application: medical

language: English

language: English

language: English

language: English

language: English

language: English

language: English

language: English

language: English

language: English

language: English

language: English

language: English

language: English

language: English

language: English

language: English

language: English

language: English

language: English

language: English

language: English

language: English

language: English

language: English

language: English

language: English

language: English

language: English

language: English

language: English

language: English

language: English

language: English

language: English

language: English

language: English

language: English

language: English

language: English

language: English

language: English

language: English

language: English

language: English

language: English

language: English

language: English

language: English

language: English

language: English

language: English

language: English

language: English

language: English

language: English

language: English

Language: English

language: English

language: English

language: English

language: English

language: English

language: English

language: English

language: English

language: English

language: English

language: English

language: English

language: English

language: English

language: English

language: English

language: English

language: English

language: English

language: English

language: English

language: English

language: English

language: English

language: English

language: English

language: English

language: English

language: English

language: English

language: English

language: English

language: English

language: English

language: English

language: English

language: English

language: English

language: English

language: English

language: English

language: English

language: English

language: English

language: English

language: English

language: English

language: English

language: English

language: English

language: English

language: English

language: English

language: English

language: English

language: English

language: English

language: English

language: English

language: English

language: English

language: English

language: English

language: English

language: English

language: English

language: English

language: English

language: English

language: English

language: English

language: English

language: English

language: English

language: English

language: English

language: English

language: English

language: English

language: English

language: English

language: English

language: English

language: English

language: English

language: English

language: English

language: English

language: English

language: English

language: English

language: English

language: English

language: English

language: English

language: English

language: English

language: English

language: English

language: English

language: English

language: English

language: English

language: English

language: English

language: English

language: English

language: English

language: English

language: English

language: English

language: English

language: English

language: English

language: English

language: English

language: English

language: English

language: English

language: English

language: English

language: English

language: English

language: English

language: English

language: English

language: English

language: English

language: English

language: English

language: English

language: English

language: English

language: English

language: English
Typing Duration: 17.64 seconds
Generation Duration: 24.34 seconds
==================================================
