2025-04-20 13:41:29,810 ; INFO ; 
=== Interaction at 2025-04-20T13:41:29.810873 ===
Type: LOGIN
Model: HuggingFace/distilbert/distilgpt2
==================================================
2025-04-20 13:41:32,961 ; INFO ; 
=== Validation Action at 2025-04-20T13:41:32.961116 ===
Action: VALIDATION_VIEW
Original Prompt: hi
==================================================
2025-04-20 13:41:34,262 ; INFO ; 
=== Validation Action at 2025-04-20T13:41:34.262582 ===
Action: VALIDATION_VIEW
Original Prompt: hi
==================================================
2025-04-20 13:41:34,265 ; INFO ; 
=== Validation Action at 2025-04-20T13:41:34.265091 ===
Action: ACCEPT_CLICK
Original Prompt: hi
==================================================
2025-04-20 13:41:37,117 ; INFO ; 
=== Interaction at 2025-04-20T13:41:37.117839 ===
Type: CHAT
User Prompt: hi
Model: HuggingFace
Model Output: Error with HuggingFace model: PreTrainedTokenizerFast._batch_encode_plus() got an unexpected keyword argument 'pad_token_id'
Typing Duration: 10.95 seconds
Generation Duration: 2.85 seconds
==================================================
