2025-04-17 18:57:51,161 ; INFO ; 
=== Interaction at 2025-04-17T18:57:51.161341 ===
Type: LOGIN
Model: HuggingFace/DistilGPT2 (Test)
==================================================
2025-04-17 18:57:54,188 ; INFO ; 
=== Validation Action at 2025-04-17T18:57:54.188971 ===
Action: VALIDATION_VIEW
Original Prompt: hi
==================================================
2025-04-17 18:57:55,396 ; INFO ; 
=== Validation Action at 2025-04-17T18:57:55.396563 ===
Action: VALIDATION_VIEW
Original Prompt: hi
==================================================
2025-04-17 18:57:55,398 ; INFO ; 
=== Validation Action at 2025-04-17T18:57:55.398835 ===
Action: ACCEPT_CLICK
Original Prompt: hi
==================================================
2025-04-17 18:58:07,932 ; INFO ; 
=== Interaction at 2025-04-17T18:58:07.932355 ===
Type: CHAT
User Prompt: hi
Model: HuggingFace
Model Output: Error with HuggingFace model: Asking to pad but the tokenizer does not have a padding token. Please select a token to use as `pad_token` `(tokenizer.pad_token = tokenizer.eos_token e.g.)` or add a new pad token via `tokenizer.add_special_tokens({'pad_token': '[PAD]'})`.
Typing Duration: 11.19 seconds
Generation Duration: 12.53 seconds
==================================================
