2025-04-19 12:30:53,535 ; INFO ; 
=== Interaction at 2025-04-19T12:30:53.535293 ===
Type: LOGIN
Model: HuggingFace/DistilGPT2 (Test)
==================================================
2025-04-19 12:30:59,666 ; INFO ; 
=== Validation Action at 2025-04-19T12:30:59.666832 ===
Action: VALIDATION_VIEW
Original Prompt: I have a headache
Medical Terms: headache
Term Count: 1
==================================================
2025-04-19 12:31:01,423 ; INFO ; 
=== Validation Action at 2025-04-19T12:31:01.422956 ===
Action: VALIDATION_VIEW
Original Prompt: I have a headache
Medical Terms: headache
Term Count: 1
==================================================
2025-04-19 12:31:01,425 ; INFO ; 
=== Validation Action at 2025-04-19T12:31:01.425433 ===
Action: SHAP_EXPLAIN_CLICK
Original Prompt: I have a headache
==================================================
2025-04-19 12:31:02,087 ; INFO ; 
=== Interaction at 2025-04-19T12:31:02.087741 ===
Type: CHAT_WITH_EXPLANATION_QUEUED
User Prompt: I have a headache
Model: HuggingFace
Model Output: Error with HuggingFace model: Asking to pad but the tokenizer does not have a padding token. Please select a token to use as `pad_token` `(tokenizer.pad_token = tokenizer.eos_token e.g.)` or add a new pad token via `tokenizer.add_special_tokens({'pad_token': '[PAD]'})`.
Typing Duration: 15.47 seconds
Generation Duration: 0.61 seconds
Queue_Time Duration: 0.66 seconds
==================================================
