2025-04-20 13:31:47,056 ; INFO ; 
=== Interaction at 2025-04-20T13:31:47.056699 ===
Type: LOGIN
Model: HuggingFace/distilbert/distilgpt2
==================================================
2025-04-20 13:31:50,089 ; INFO ; 
=== Validation Action at 2025-04-20T13:31:50.089839 ===
Action: VALIDATION_VIEW
Original Prompt: hi
==================================================
2025-04-20 13:31:51,145 ; INFO ; 
=== Validation Action at 2025-04-20T13:31:51.145113 ===
Action: VALIDATION_VIEW
Original Prompt: hi
==================================================
2025-04-20 13:31:51,146 ; INFO ; 
=== Validation Action at 2025-04-20T13:31:51.146873 ===
Action: ACCEPT_CLICK
Original Prompt: hi
==================================================
2025-04-20 13:31:51,705 ; INFO ; 
=== Interaction at 2025-04-20T13:31:51.705144 ===
Type: CHAT
User Prompt: hi
Model: HuggingFace
Model Output: Error with HuggingFace model: Asking to pad but the tokenizer does not have a padding token. Please select a token to use as `pad_token` `(tokenizer.pad_token = tokenizer.eos_token e.g.)` or add a new pad token via `tokenizer.add_special_tokens({'pad_token': '[PAD]'})`.
Typing Duration: 10.30 seconds
Generation Duration: 0.55 seconds
==================================================
