2025-04-17 17:24:53,720 ; INFO ; 
=== Interaction at 2025-04-17T17:24:53.720109 ===
Type: LOGIN
Model: HuggingFace/BioMedLM (Small)
==================================================
2025-04-17 17:24:56,304 ; INFO ; 
=== Validation Action at 2025-04-17T17:24:56.304712 ===
Action: VALIDATION_VIEW
Original Prompt: hi
==================================================
2025-04-17 17:24:57,412 ; INFO ; 
=== Validation Action at 2025-04-17T17:24:57.412898 ===
Action: VALIDATION_VIEW
Original Prompt: hi
==================================================
2025-04-17 17:24:57,415 ; INFO ; 
=== Validation Action at 2025-04-17T17:24:57.415192 ===
Action: ACCEPT_CLICK
Original Prompt: hi
==================================================
2025-04-17 17:29:45,574 ; INFO ; 
=== Interaction at 2025-04-17T17:29:45.574060 ===
Type: CHAT
User Prompt: hi
Model: HuggingFace
Model Output: Error with HuggingFace model: Asking to pad but the tokenizer does not have a padding token. Please select a token to use as `pad_token` `(tokenizer.pad_token = tokenizer.eos_token e.g.)` or add a new pad token via `tokenizer.add_special_tokens({'pad_token': '[PAD]'})`.
Typing Duration: 8.42 seconds
Generation Duration: 288.16 seconds
==================================================
