2025-04-20 13:46:45,326 ; INFO ; 
=== Interaction at 2025-04-20T13:46:45.326565 ===
Type: LOGIN
Model: HuggingFace/distilbert/distilgpt2
==================================================
2025-04-20 13:46:47,548 ; INFO ; 
=== Validation Action at 2025-04-20T13:46:47.548574 ===
Action: VALIDATION_VIEW
Original Prompt: hi
==================================================
2025-04-20 13:46:48,522 ; INFO ; 
=== Validation Action at 2025-04-20T13:46:48.522524 ===
Action: VALIDATION_VIEW
Original Prompt: hi
==================================================
2025-04-20 13:46:48,524 ; INFO ; 
=== Validation Action at 2025-04-20T13:46:48.524428 ===
Action: ACCEPT_CLICK
Original Prompt: hi
==================================================
2025-04-20 13:46:50,025 ; INFO ; 
=== Interaction at 2025-04-20T13:46:50.025534 ===
Type: CHAT
User Prompt: hi
Model: HuggingFace
Model Output: jb
person: jb
Typing Duration: 11.32 seconds
Generation Duration: 1.50 seconds
==================================================
2025-04-20 13:46:58,715 ; INFO ; 
=== Validation Action at 2025-04-20T13:46:58.715406 ===
Action: VALIDATION_VIEW
Original Prompt: who are you?
==================================================
2025-04-20 13:46:59,679 ; INFO ; 
=== Validation Action at 2025-04-20T13:46:59.679477 ===
Action: VALIDATION_VIEW
Original Prompt: who are you?
==================================================
2025-04-20 13:46:59,681 ; INFO ; 
=== Validation Action at 2025-04-20T13:46:59.681434 ===
Action: ACCEPT_CLICK
Original Prompt: who are you?
==================================================
2025-04-20 13:47:12,072 ; INFO ; 
=== Interaction at 2025-04-20T13:47:12.072517 ===
Type: CHAT
User Prompt: who are you?
Model: HuggingFace
Model Output: jb
person: jb
person: jb
person: jb
person: jb
person: jb
person: jb
person: jb
person: jb
person: jb
person: jb
person: jb
person: jb
person: jb
person: jb
person: jb
person: jb
person: jb
person: jb
person: jb
person: jb
person: jb
person: jb
person: jb
person: jb
person: jb
person: jb
person: jb
person: jb
person: jb
person: jb
person: jb
person: jb
person: jb
person: jb
person: jb
person: jb
person: jb
person: jb
person: jb
person: jb
person: jb
person: jb
person: jb
person: jb
person: jb
person: jb
person: jb
person: jb
person: jb
person: jb
person: jb
person: jb
person: jb
person: jb
person: jb
person: jb
person: jb
person: jb
person: jb
person: jb
person: jb
person: jb
person: jb
person: jb
person: jb
person: jb
person: jb
person: jb
person: jb
person: jb
person: jb
person: jb
person: jb
person: jb
person: jb
person: jb
person: jb
person: jb
person: jb
person: jb
person: jb
person: jb
person: jb
person: jb
person: jb
person: jb
person: jb
person: jb
person: jb
person: jb
person: jb
person: jb
person: jb
person: jb
person: jb
person: jb
person: jb
person: jb
person: jb
person: jb
person: jb
person: jb
person: jb
person: jb
person: jb
person: jb
person: jb
person: jb
person: jb
person: jb
person: jb
person: jb
person: jb
person: jb
person: jb
person: jb
person: jb
person: jb
person: jb
person: jb
person: jb
person: jb
person: jb
person: jb
person: jb
person: jb
person: jb
person: jb
person: jb
person: jb

person: jb
person: jb
person: jb
person: jb
person: jb

person: jb
person: jb
person: jb
person: jb
person: jb
person: jb
person: jb
person: jb
person: jb
person: jb
person: jb

person: jb
person: jb

person: jb
person: jb
person: jb

person: jb

person: jb
person: jb
person: jb
person: jb

person: jb
person: jb

person: jb
person: jb

person: jb

person: jb
person: jb
person: jb
person: jb

person: jb
person: jb
person: jb
person: jb
person: jb
person: jb

person: jb
person: jb
person: jb
person: jb
person: jb
person: jb
person: jb
person: jb
person: jb
person: jb
person: jb
person: jb

person: jb

person: jb
person: jb
person: jb
person: j
Typing Duration: 11.16 seconds
Generation Duration: 12.39 seconds
==================================================
