2025-04-20 13:43:36,252 ; INFO ; 
=== Interaction at 2025-04-20T13:43:36.252124 ===
Type: LOGIN
Model: HuggingFace/distilbert/distilgpt2
==================================================
2025-04-20 13:43:38,778 ; INFO ; 
=== Validation Action at 2025-04-20T13:43:38.778897 ===
Action: VALIDATION_VIEW
Original Prompt: hi
==================================================
2025-04-20 13:43:39,976 ; INFO ; 
=== Validation Action at 2025-04-20T13:43:39.976174 ===
Action: VALIDATION_VIEW
Original Prompt: hi
==================================================
2025-04-20 13:43:39,978 ; INFO ; 
=== Validation Action at 2025-04-20T13:43:39.978551 ===
Action: ACCEPT_CLICK
Original Prompt: hi
==================================================
2025-04-20 13:43:42,212 ; INFO ; 
=== Interaction at 2025-04-20T13:43:42.212588 ===
Type: CHAT
User Prompt: hi
Model: HuggingFace
Model Output: Error with HuggingFace model: PreTrainedTokenizerFast._batch_encode_plus() got an unexpected keyword argument 'pad_token_id'
Typing Duration: 9.47 seconds
Generation Duration: 2.23 seconds
==================================================
