2025-04-19 12:59:16,340 ; INFO ; 
=== Interaction at 2025-04-19T12:59:16.340678 ===
Type: LOGIN
Model: HuggingFace/VMware/bert-tiny-mrqa
==================================================
2025-04-19 12:59:25,124 ; INFO ; 
=== Validation Action at 2025-04-19T12:59:25.124645 ===
Action: VALIDATION_VIEW
Original Prompt: Hi
==================================================
2025-04-19 12:59:26,414 ; INFO ; 
=== Validation Action at 2025-04-19T12:59:26.414076 ===
Action: VALIDATION_VIEW
Original Prompt: Hi
==================================================
2025-04-19 12:59:26,416 ; INFO ; 
=== Validation Action at 2025-04-19T12:59:26.416857 ===
Action: ACCEPT_CLICK
Original Prompt: Hi
==================================================
2025-04-19 12:59:31,201 ; INFO ; 
=== Interaction at 2025-04-19T12:59:31.201133 ===
Type: CHAT
User Prompt: Hi
Model: HuggingFace
Model Output: Error with HuggingFace model: index out of range in self
Typing Duration: 17.18 seconds
Generation Duration: 4.78 seconds
==================================================
