2025-04-17 18:27:47,141 ; INFO ; 
=== Interaction at 2025-04-17T18:27:47.141767 ===
Type: LOGIN
Model: HuggingFace/VMware/bert-tiny-mrqa
==================================================
2025-04-17 18:27:49,759 ; INFO ; 
=== Validation Action at 2025-04-17T18:27:49.759539 ===
Action: VALIDATION_VIEW
Original Prompt: hi
==================================================
2025-04-17 18:27:51,093 ; INFO ; 
=== Validation Action at 2025-04-17T18:27:51.093450 ===
Action: VALIDATION_VIEW
Original Prompt: hi
==================================================
2025-04-17 18:27:51,094 ; INFO ; 
=== Validation Action at 2025-04-17T18:27:51.094973 ===
Action: ACCEPT_CLICK
Original Prompt: hi
==================================================
2025-04-17 18:28:01,498 ; INFO ; 
=== Interaction at 2025-04-17T18:28:01.498254 ===
Type: CHAT
User Prompt: hi
Model: HuggingFace
Model Output: Error with HuggingFace model: index out of range in self
Typing Duration: 11.84 seconds
Generation Duration: 10.40 seconds
==================================================
