2025-04-19 12:31:14,167 ; INFO ; 
=== Interaction at 2025-04-19T12:31:14.167650 ===
Type: LOGIN
Model: HuggingFace/DistilGPT2 (Test)
==================================================
2025-04-19 12:31:22,369 ; INFO ; 
=== Validation Action at 2025-04-19T12:31:22.369046 ===
Action: VALIDATION_VIEW
Original Prompt: I have a headache
Medical Terms: headache
Term Count: 1
==================================================
2025-04-19 12:31:24,002 ; INFO ; 
=== Validation Action at 2025-04-19T12:31:24.001967 ===
Action: VALIDATION_VIEW
Original Prompt: I have a headache
Medical Terms: headache
Term Count: 1
==================================================
2025-04-19 12:31:24,004 ; INFO ; 
=== Validation Action at 2025-04-19T12:31:24.004035 ===
Action: EXPLAIN_CLICK
Original Prompt: I have a headache
==================================================
2025-04-19 12:31:24,839 ; INFO ; 
=== Interaction at 2025-04-19T12:31:24.839535 ===
Type: CHAT_WITH_EXPLANATION_QUEUED
User Prompt: I have a headache
Model: HuggingFace
Model Output: Error with HuggingFace model: Asking to pad but the tokenizer does not have a padding token. Please select a token to use as `pad_token` `(tokenizer.pad_token = tokenizer.eos_token e.g.)` or add a new pad token via `tokenizer.add_special_tokens({'pad_token': '[PAD]'})`.
Typing Duration: 15.71 seconds
Generation Duration: 0.81 seconds
Queue_Time Duration: 0.83 seconds
==================================================
