2025-04-20 13:20:46,413 ; INFO ; 
=== Interaction at 2025-04-20T13:20:46.413785 ===
Type: LOGIN
Model: HuggingFace/VMware/bert-tiny-mrqa
==================================================
2025-04-20 13:20:49,427 ; INFO ; 
=== Validation Action at 2025-04-20T13:20:49.427255 ===
Action: VALIDATION_VIEW
Original Prompt: hi
==================================================
2025-04-20 13:20:51,070 ; INFO ; 
=== Validation Action at 2025-04-20T13:20:51.070225 ===
Action: VALIDATION_VIEW
Original Prompt: hi
==================================================
2025-04-20 13:20:51,072 ; INFO ; 
=== Validation Action at 2025-04-20T13:20:51.072766 ===
Action: ACCEPT_CLICK
Original Prompt: hi
==================================================
2025-04-20 13:20:55,944 ; INFO ; 
=== Interaction at 2025-04-20T13:20:55.944182 ===
Type: CHAT
User Prompt: hi
Model: HuggingFace
Model Output: Error with HuggingFace model: index out of range in self
Typing Duration: 12.56 seconds
Generation Duration: 4.87 seconds
==================================================
