2025-04-17 17:20:50,889 ; INFO ; 
=== Interaction at 2025-04-17T17:20:50.889683 ===
Type: LOGIN
Model: HuggingFace/CoderMed Small
==================================================
2025-04-17 17:20:53,632 ; INFO ; 
=== Validation Action at 2025-04-17T17:20:53.632771 ===
Action: VALIDATION_VIEW
Original Prompt: hi
==================================================
2025-04-17 17:20:55,040 ; INFO ; 
=== Validation Action at 2025-04-17T17:20:55.040268 ===
Action: VALIDATION_VIEW
Original Prompt: hi
==================================================
2025-04-17 17:20:55,042 ; INFO ; 
=== Validation Action at 2025-04-17T17:20:55.042169 ===
Action: ACCEPT_CLICK
Original Prompt: hi
==================================================
2025-04-17 17:20:56,574 ; INFO ; 
=== Interaction at 2025-04-17T17:20:56.574455 ===
Type: CHAT
User Prompt: hi
Model: HuggingFace
Model Output: Error with HuggingFace model: GanjinZero/coder_med_small is not a local folder and is not a valid model identifier listed on 'https://huggingface.co/models'
If this is a private repository, make sure to pass a token having permission to this repo either by logging in with `huggingface-cli login` or by passing `token=<your_token>`
Typing Duration: 43.94 seconds
Generation Duration: 1.53 seconds
==================================================
