2025-04-19 12:55:41,248 ; INFO ; 
=== Interaction at 2025-04-19T12:55:41.248750 ===
Type: LOGIN
Model: HuggingFace/VMware/bert-tiny-mrqa
==================================================
2025-04-19 12:55:43,731 ; INFO ; 
=== Validation Action at 2025-04-19T12:55:43.731142 ===
Action: VALIDATION_VIEW
Original Prompt: Hi
==================================================
2025-04-19 12:55:45,054 ; INFO ; 
=== Validation Action at 2025-04-19T12:55:45.054957 ===
Action: VALIDATION_VIEW
Original Prompt: Hi
==================================================
2025-04-19 12:55:45,057 ; INFO ; 
=== Validation Action at 2025-04-19T12:55:45.057323 ===
Action: ACCEPT_CLICK
Original Prompt: Hi
==================================================
2025-04-19 12:55:52,594 ; INFO ; 
=== Interaction at 2025-04-19T12:55:52.594540 ===
Type: CHAT
User Prompt: Hi
Model: HuggingFace
Model Output: Error with HuggingFace model: index out of range in self
Typing Duration: 12.84 seconds
Generation Duration: 7.53 seconds
==================================================
