2025-04-17 20:01:20,793 ; INFO ; 
=== Interaction at 2025-04-17T20:01:20.793529 ===
Type: LOGIN
Model: HuggingFace/DistilGPT2 (Test)
==================================================
2025-04-17 20:01:23,476 ; INFO ; 
=== Validation Action at 2025-04-17T20:01:23.476665 ===
Action: VALIDATION_VIEW
Original Prompt: hi
==================================================
2025-04-17 20:01:24,573 ; INFO ; 
=== Validation Action at 2025-04-17T20:01:24.573017 ===
Action: VALIDATION_VIEW
Original Prompt: hi
==================================================
2025-04-17 20:01:24,574 ; INFO ; 
=== Validation Action at 2025-04-17T20:01:24.574495 ===
Action: ACCEPT_CLICK
Original Prompt: hi
==================================================
2025-04-17 20:01:27,555 ; INFO ; 
=== Interaction at 2025-04-17T20:01:27.555269 ===
Type: CHAT
User Prompt: hi
Model: HuggingFace
Model Output: hi and I‍m waiting for his reply.
‍m not the one who said, ‍m, I‍m waiting to see your reaction.
‍m not the one who said, ‍m, I‍m waiting to see your response.
‍m not the one who said, ‍m, I‍m waiting to see your response.
‍m not the one who said, ‍m, I‍m waiting to see your response.
==================================================
2025-04-17 20:01:43,923 ; INFO ; 
=== Validation Action at 2025-04-17T20:01:43.923905 ===
Action: VALIDATION_VIEW
Original Prompt: who are you
==================================================
2025-04-17 20:01:44,963 ; INFO ; 
=== Validation Action at 2025-04-17T20:01:44.963334 ===
Action: VALIDATION_VIEW
Original Prompt: who are you
==================================================
2025-04-17 20:01:44,966 ; INFO ; 
=== Validation Action at 2025-04-17T20:01:44.966084 ===
Action: ACCEPT_CLICK
Original Prompt: who are you
==================================================
2025-04-17 20:01:46,161 ; INFO ; 
=== Interaction at 2025-04-17T20:01:46.161888 ===
Type: CHAT
User Prompt: who are you
Model: HuggingFace
Model Output: who are you kidding me?) or we'll be able to get to the end.

But we're gonna let the next step up: make sure that the only thing that's not being said on reddit is that we're not going to be putting up a "kill list" on reddit.
And if you think that's the best way to do it, then I'm going to be happy to make you happy!
So, I hope you're there and like me, you're all there!
==================================================
2025-04-17 20:01:59,926 ; INFO ; 
=== Validation Action at 2025-04-17T20:01:59.926831 ===
Action: VALIDATION_VIEW
Original Prompt: i have a headache
Medical Terms: headache
Term Count: 1
==================================================
2025-04-17 20:02:01,749 ; INFO ; 
=== Validation Action at 2025-04-17T20:02:01.748988 ===
Action: VALIDATION_VIEW
Original Prompt: i have a headache
Medical Terms: headache
Term Count: 1
==================================================
2025-04-17 20:02:01,751 ; INFO ; 
=== Validation Action at 2025-04-17T20:02:01.751487 ===
Action: ACCEPT_CLICK
Original Prompt: i have a headache
==================================================
2025-04-17 20:02:05,156 ; INFO ; 
=== Validation Action at 2025-04-17T20:02:05.156140 ===
Action: VALIDATION_VIEW
Original Prompt: i have a headache
Medical Terms: headache
Term Count: 1
==================================================
2025-04-17 20:02:05,156 ; INFO ; 
=== Validation Action at 2025-04-17T20:02:05.156793 ===
Action: ACCEPT_CLICK
Original Prompt: i have a headache
==================================================
2025-04-17 20:02:05,401 ; INFO ; 
=== Interaction at 2025-04-17T20:02:05.401167 ===
Type: CHAT
User Prompt: i have a headache
Model: HuggingFace
Model Output: i have a headache, but I think we've got a lot more to do.
==================================================
2025-04-17 20:02:14,833 ; INFO ; 
=== Validation Action at 2025-04-17T20:02:14.833531 ===
Action: VALIDATION_VIEW
Original Prompt: i have a headache
Medical Terms: headache
Term Count: 1
==================================================
2025-04-17 20:02:16,182 ; INFO ; 
=== Validation Action at 2025-04-17T20:02:16.181981 ===
Action: VALIDATION_VIEW
Original Prompt: i have a headache
Medical Terms: headache
Term Count: 1
==================================================
2025-04-17 20:02:16,183 ; INFO ; 
=== Validation Action at 2025-04-17T20:02:16.183697 ===
Action: SHAP_EXPLAIN_CLICK
Original Prompt: i have a headache
==================================================
2025-04-17 20:02:19,188 ; INFO ; 
=== Interaction at 2025-04-17T20:02:19.188437 ===
Type: CHAT_WITH_EXPLANATION_QUEUED
User Prompt: i have a headache
Model: HuggingFace
Model Output: i have a headache
Typing Duration: 61.61 seconds
Generation Duration: 1.38 seconds
Queue_Time Duration: 3.00 seconds
==================================================
