2025-04-20 18:06:06,898 ; INFO ; 
=== Interaction at 2025-04-20T18:06:06.898374 ===
Type: LOGIN
Model: HuggingFace/tiiuae/falcon-rw-1b
==================================================
2025-04-20 18:06:14,367 ; INFO ; 
=== Validation Action at 2025-04-20T18:06:14.367239 ===
Action: VALIDATION_VIEW
Original Prompt: i have a headache
Medical Terms: headache
Term Count: 1
==================================================
2025-04-20 18:06:15,784 ; INFO ; 
=== Validation Action at 2025-04-20T18:06:15.784491 ===
Action: VALIDATION_VIEW
Original Prompt: i have a headache
Medical Terms: headache
Term Count: 1
==================================================
2025-04-20 18:06:15,787 ; INFO ; 
=== Validation Action at 2025-04-20T18:06:15.787502 ===
Action: EXPLAIN_CLICK
Original Prompt: i have a headache
==================================================
2025-04-20 18:06:25,234 ; INFO ; 
=== Interaction at 2025-04-20T18:06:25.234041 ===
Type: CHAT_WITH_EXPLANATION_QUEUED
User Prompt: i have a headache
Model: HuggingFace
Model Output: your blood pressure is...
Typing Duration: 111.92 seconds
Generation Duration: 9.10 seconds
Queue_Time Duration: 9.45 seconds
==================================================
