2025-04-17 20:10:08,870 ; INFO ; 
=== Interaction at 2025-04-17T20:10:08.870009 ===
Type: LOGIN
Model: HuggingFace/DistilGPT2 (Test)
==================================================
2025-04-17 20:10:11,952 ; INFO ; 
=== Validation Action at 2025-04-17T20:10:11.952859 ===
Action: VALIDATION_VIEW
Original Prompt: hello
==================================================
2025-04-17 20:10:12,921 ; INFO ; 
=== Validation Action at 2025-04-17T20:10:12.921888 ===
Action: VALIDATION_VIEW
Original Prompt: hello
==================================================
2025-04-17 20:10:12,923 ; INFO ; 
=== Validation Action at 2025-04-17T20:10:12.923327 ===
Action: ACCEPT_CLICK
Original Prompt: hello
==================================================
2025-04-17 20:10:27,268 ; INFO ; 
=== Interaction at 2025-04-17T20:10:27.268725 ===
Type: CHAT
User Prompt: hello
Model: HuggingFace
Model Output: hello.






























































































































































































































































































































































































































































































































































































































































































































































































































































































































































































































































==================================================
2025-04-17 20:10:36,488 ; INFO ; 
=== Validation Action at 2025-04-17T20:10:36.488187 ===
Action: VALIDATION_VIEW
Original Prompt: i have a headache
Medical Terms: headache
Term Count: 1
==================================================
2025-04-17 20:10:37,930 ; INFO ; 
=== Validation Action at 2025-04-17T20:10:37.930610 ===
Action: VALIDATION_VIEW
Original Prompt: i have a headache
Medical Terms: headache
Term Count: 1
==================================================
2025-04-17 20:10:37,932 ; INFO ; 
=== Validation Action at 2025-04-17T20:10:37.932539 ===
Action: ACCEPT_CLICK
Original Prompt: i have a headache
==================================================
2025-04-17 20:10:51,786 ; INFO ; 
=== Interaction at 2025-04-17T20:10:51.786897 ===
Type: CHAT
User Prompt: i have a headache
Model: HuggingFace
Model Output: i have a headache.



Affected students



















































































































































































































































































































































































































































































































































































































































































































































































































































































































































































































































==================================================
2025-04-17 20:11:10,718 ; INFO ; 
=== Validation Action at 2025-04-17T20:11:10.717985 ===
Action: VALIDATION_VIEW
Original Prompt: i have a headache
Medical Terms: headache
Term Count: 1
==================================================
2025-04-17 20:11:12,049 ; INFO ; 
=== Validation Action at 2025-04-17T20:11:12.049892 ===
Action: VALIDATION_VIEW
Original Prompt: i have a headache
Medical Terms: headache
Term Count: 1
==================================================
2025-04-17 20:11:12,051 ; INFO ; 
=== Validation Action at 2025-04-17T20:11:12.051442 ===
Action: SHAP_EXPLAIN_CLICK
Original Prompt: i have a headache
==================================================
2025-04-17 20:11:19,636 ; INFO ; 
=== Interaction at 2025-04-17T20:11:19.636582 ===
Type: CHAT_WITH_EXPLANATION_QUEUED
User Prompt: i have a headache
Model: HuggingFace
Model Output: hello.
Typing Duration: 69.29 seconds
Generation Duration: 7.54 seconds
Queue_Time Duration: 7.58 seconds
==================================================
