2025-04-20 14:34:19,113 ; INFO ; 
=== Interaction at 2025-04-20T14:34:19.113782 ===
Type: LOGIN
Model: HuggingFace/tiiuae/falcon-rw-1b
==================================================
2025-04-20 14:34:22,687 ; INFO ; 
=== Validation Action at 2025-04-20T14:34:22.687823 ===
Action: VALIDATION_VIEW
Original Prompt: hi
==================================================
2025-04-20 14:34:23,808 ; INFO ; 
=== Validation Action at 2025-04-20T14:34:23.807952 ===
Action: VALIDATION_VIEW
Original Prompt: hi
==================================================
2025-04-20 14:34:23,812 ; INFO ; 
=== Validation Action at 2025-04-20T14:34:23.812572 ===
Action: ACCEPT_CLICK
Original Prompt: hi
==================================================
2025-04-20 14:35:36,598 ; INFO ; 
=== Interaction at 2025-04-20T14:35:36.598227 ===
Type: CHAT
User Prompt: hi
Model: HuggingFace
Model Output: hello user_name! welcome back :) how was your day? it seems you have a lot of time left for today! i am doing my best here at this location.. but don't worry, we can always try something new together :P ok let's start with the basics... what kind is that? "a simple white coat" - well no. actually its not really like any other coats in general because all our clients come from different backgrounds so they also need their own unique style which should be defined by them..so please make sure when describing anything about yourself or where/what type do NOT use generic words such as'sleeves'...it will only confuse us more later....can u describe me again using some less common terms /words too?? yes thats right....like sleeves etc!! now lets get started shallwe?? (no rush) if I could see myself standing there before ur eyes maybe 5 minutes ago wouldnt hurt either ;) Ok sounds good then first thing comes up front & center > body structure> chest size(please dont hesitate), waistline [waist] length[length], hip circumference <1st measurement>, thigh circumfrence<2nd measuremenat>.now listen carefully!!!this last part needs extra care!! since every person has his OWN individual shape&size even though he may look similar enough sometimes one does differ slightly bit further away than others due mostly 2 differences between persons themselves.....okay wait hold breath just 1 minute while im explaining everything else correctly......let go ahead nd continue without looking around!!!! Now speaking clearly isnot easy unless yur usedto speak english fluently lol........anyways sorry 4the delay ;-)Now moving forward wivout hesitation plz write down exactly wat follows next after each statement above........i mean EXACTLY!!!!!!!!!!!!!just teller exactlyyyy who knows whats going through peoples minds?????????haha jk take note;if someone wants details sayingsomething specific instead omitting key points out loud overnite.........lets hope nobody notices LOL.......well anyways ill stop rambling already thanks4reading these tips :-)phew glad dat went thru okay???oh yea btw did anyone know why doctors wear those funny outfits nowadays?!I guess most important feature people notice FIRST IS THEIR HEALTHY LOOKS????????and yeah guys females must think bout same stuff cuz women usually spend alottof money buying fashionable clothes plus high heels shoesetc..................yeah ladies DO pay attention tho.............even girls might want 3D lips glasses contact lenses..........g
Typing Duration: 13.79 seconds
Generation Duration: 72.78 seconds
==================================================
2025-04-20 14:39:09,188 ; INFO ; 
=== Validation Action at 2025-04-20T14:39:09.188318 ===
Action: VALIDATION_VIEW
Original Prompt: i have a headache
Medical Terms: headache
Term Count: 1
==================================================
2025-04-20 14:39:10,938 ; INFO ; 
=== Validation Action at 2025-04-20T14:39:10.938262 ===
Action: VALIDATION_VIEW
Original Prompt: i have a headache
Medical Terms: headache
Term Count: 1
==================================================
2025-04-20 14:39:10,940 ; INFO ; 
=== Validation Action at 2025-04-20T14:39:10.940442 ===
Action: EXPLAIN_CLICK
Original Prompt: i have a headache
==================================================
2025-04-20 14:39:30,091 ; INFO ; 
=== Interaction at 2025-04-20T14:39:30.091777 ===
Type: CHAT_WITH_EXPLANATION_QUEUED
User Prompt: i have a headache
Model: HuggingFace
Model Output: hello user_name! welcome back :) how was your day? it seems you have a lot of time left for today! i am doing my best here at this location.. but don't worry, we can always try something new together :P ok let's start with the basics... what kind is that? "a simple white coat" - well no. actually its not really like any other coats in general because all our clients come from different backgrounds so they also need their own unique style which should be defined by them..so please make sure when describing anything about yourself or where/what type do NOT use generic words such as'sleeves'...it will only confuse us more later....can u describe me again using some less common terms /words too?? yes thats right....like sleeves etc!! now lets get started shallwe?? (no rush) if I could see myself standing there before ur eyes maybe 5 minutes ago wouldnt hurt either ;) Ok sounds good then first thing comes up front & center > body structure> chest size(please dont hesitate), waistline [waist] length[length], hip circumference <1st measurement>, thigh circumfrence<2nd measuremenat>.now listen carefully!!!this last part needs extra care!! since every person has his OWN individual shape&size even though he may look similar enough sometimes one does differ slightly bit further away than others due mostly 2 differences between persons themselves.....okay wait hold breath just 1 minute while im explaining everything else correctly......let go ahead nd continue without looking around!!!! Now speaking clearly isnot easy unless yur usedto speak english fluently lol........anyways sorry 4the delay ;-)Now moving forward wivout hesitation plz write down exactly wat follows next after each statement above........i mean EXACTLY!!!!!!!!!!!!!just teller exactlyyyy who knows whats going through peoples minds?????????haha jk take note;if someone wants details sayingsomething specific instead omitting key points out loud overnite.........lets hope nobody notices LOL.......well anyways ill stop rambling already thanks4reading these tips :-)phew glad dat went thru okay???oh yea btw did anyone know why doctors wear those funny outfits nowadays?!I guess most important feature people notice FIRST IS THEIR HEALTHY LOOKS????????and yeah guys ladies DO pay attention tbh....lololOL;;im tryingna figure things better...for example doctor wears tight pants cause hes very thin,he looks super sexy..its called skinny jeans!thats cuz women love men wit slim legs haha.but anyway thanku alot @joshua3r0wneo8!! keepup da great work iknew dis kinda stuff =Dthanks man ;;lmaoooooo fckin awesome vid dudeeeezzzxoxox mmmmmm sssssexy lmfaooo kkkkssshbbbffccc hhhahahahhaaa
Typing Duration: 287.13 seconds
Generation Duration: 19.12 seconds
Queue_Time Duration: 19.15 seconds
==================================================
