2025-04-20 18:19:03,071 ; INFO ; 
=== Interaction at 2025-04-20T18:19:03.071431 ===
Type: LOGIN
Model: HuggingFace/tiiuae/falcon-rw-1b
==================================================
2025-04-20 18:19:07,209 ; INFO ; 
=== Validation Action at 2025-04-20T18:19:07.209620 ===
Action: VALIDATION_VIEW
Original Prompt: hi
==================================================
2025-04-20 18:19:08,360 ; INFO ; 
=== Validation Action at 2025-04-20T18:19:08.359979 ===
Action: VALIDATION_VIEW
Original Prompt: hi
==================================================
2025-04-20 18:19:08,362 ; INFO ; 
=== Validation Action at 2025-04-20T18:19:08.362588 ===
Action: ACCEPT_CLICK
Original Prompt: hi
==================================================
2025-04-20 18:19:34,737 ; INFO ; 
=== Interaction at 2025-04-20T18:19:34.737176 ===
Type: CHAT
User Prompt: hi
Model: HuggingFace
Model Output: Hi! I am promptdoctor from the internet (or your browser). You have just taken a blood pressure test in front of Dr Smith’s office for work purposes but you didn't write down any details or results? What can we do about this situation?! Please wait patiently as it takes time before our system is able process all data points collected during that session with respect to accuracy level/convenience levels etc... please stay calm!! We will get back soon once everything has been processed.... [click]... OK!!! Thanks so much doctor!!!! If there's anything else regarding my query then let me know at anytime now.....Thanks again doc!!!!!!!!!!!!!![Click here.]
Typing Duration: 31.74 seconds
Generation Duration: 26.37 seconds
==================================================
2025-04-20 18:20:50,266 ; INFO ; 
=== Validation Action at 2025-04-20T18:20:50.266896 ===
Action: VALIDATION_VIEW
Original Prompt: i have a headache
Medical Terms: headache
Term Count: 1
==================================================
2025-04-20 18:20:51,630 ; INFO ; 
=== Validation Action at 2025-04-20T18:20:51.630901 ===
Action: VALIDATION_VIEW
Original Prompt: i have a headache
Medical Terms: headache
Term Count: 1
==================================================
2025-04-20 18:20:51,632 ; INFO ; 
=== Validation Action at 2025-04-20T18:20:51.632607 ===
Action: EXPLAIN_CLICK
Original Prompt: i have a headache
==================================================
2025-04-20 18:20:56,596 ; INFO ; 
=== Validation Action at 2025-04-20T18:20:56.596120 ===
Action: VALIDATION_VIEW
Original Prompt: i have a headache
Medical Terms: headache
Term Count: 1
==================================================
2025-04-20 18:20:56,596 ; INFO ; 
=== Validation Action at 2025-04-20T18:20:56.596821 ===
Action: EXPLAIN_CLICK
Original Prompt: i have a headache
==================================================
2025-04-20 18:21:05,530 ; INFO ; 
=== Interaction at 2025-04-20T18:21:05.530450 ===
Type: CHAT_WITH_EXPLANATION_QUEUED
User Prompt: i have a headache
Model: HuggingFace
Model Output: Hello patient thankyou verymuch....for taking such good care..we understand how important these symptoms must be if they happen everytime..please keep us updated when needed...and thanks alot :)!!
Typing Duration: 4.96 seconds
Generation Duration: 13.56 seconds
Queue_Time Duration: 8.93 seconds
==================================================
