2025-04-20 13:58:40,641 ; INFO ; 
=== Interaction at 2025-04-20T13:58:40.641571 ===
Type: LOGIN
Model: HuggingFace/tiiuae/falcon-rw-1b
==================================================
2025-04-20 13:58:43,982 ; INFO ; 
=== Validation Action at 2025-04-20T13:58:43.982451 ===
Action: VALIDATION_VIEW
Original Prompt: hi
==================================================
2025-04-20 13:58:45,196 ; INFO ; 
=== Validation Action at 2025-04-20T13:58:45.196829 ===
Action: VALIDATION_VIEW
Original Prompt: hi
==================================================
2025-04-20 13:58:45,198 ; INFO ; 
=== Validation Action at 2025-04-20T13:58:45.198747 ===
Action: ACCEPT_CLICK
Original Prompt: hi
==================================================
2025-04-20 13:58:48,240 ; INFO ; 
=== Interaction at 2025-04-20T13:58:48.239971 ===
Type: CHAT
User Prompt: hi
Model: HuggingFace
Model Output: Error with HuggingFace model: 'dict' object has no attribute '_from_model_config'
Typing Duration: 11.93 seconds
Generation Duration: 3.04 seconds
==================================================
