2025-04-17 18:32:36,084 ; INFO ; 
=== Interaction at 2025-04-17T18:32:36.084647 ===
Type: LOGIN
Model: HuggingFace/PubMedBERT (Small)
==================================================
2025-04-17 18:32:38,324 ; INFO ; 
=== Validation Action at 2025-04-17T18:32:38.324920 ===
Action: VALIDATION_VIEW
Original Prompt: hi
==================================================
2025-04-17 18:32:39,761 ; INFO ; 
=== Validation Action at 2025-04-17T18:32:39.761352 ===
Action: VALIDATION_VIEW
Original Prompt: hi
==================================================
2025-04-17 18:32:39,763 ; INFO ; 
=== Validation Action at 2025-04-17T18:32:39.763239 ===
Action: ACCEPT_CLICK
Original Prompt: hi
==================================================
2025-04-17 18:33:34,941 ; INFO ; 
=== Interaction at 2025-04-17T18:33:34.941767 ===
Type: CHAT
User Prompt: hi
Model: HuggingFace
Model Output: Error with HuggingFace model: index out of range in self
Typing Duration: 20.65 seconds
Generation Duration: 55.18 seconds
==================================================
